// Jest Snapshot v1, https://goo.gl/fbAQLP

exports[`<BalloonDetails /> renders unit test matches snapshot 1`] = `ShallowWrapper {}`;
